{"1020":{"Fname":"Mary","Lname":"Ong","Id":1020,"Dept":"D2"}}
