{"1030":{"Fname":"Jack","Lname":"Koh","Id":1030,"Dept":"D3"}}
