{"1010":{"Fname":"Peter","Lname":"Tan","Id":1010,"Dept":"D1"},"1015":{"Fname":"Jess","Lname":"Lim","Id":1015,"Dept":"D4"}}
